// Jest Snapshot v1, https://goo.gl/fbAQLP

exports[`plugin: PluginFn traversePluginFn 1`] = `
"body .test{
  color:#333;
}
"
`;

exports[`plugin: PluginFn traverseVisitorPlugin 1`] = `
"body .test{
  color:#333;
}
"
`;

exports[`plugin: PluginFn traverseVisitorPluginWithObject 1`] = `
"body .test{
  color:#333;
}
"
`;
